

Fri Jun 23 22:40:36 2023
Command line: TestDisk

TestDisk 7.1, Data Recovery Utility, July 2019
Christophe GRENIER <grenier@cgsecurity.org>
https://www.cgsecurity.org
OS: Linux, kernel 5.4.0-152-generic (#169-Ubuntu SMP Tue Jun 6 22:23:09 UTC 2023) x86_64
Compiler: GCC 9.2
ext2fs lib: 1.45.5, ntfs lib: libntfs-3g, reiserfs lib: none, ewf lib: none, curses lib: ncurses 6.1
User is not root!
Hard disk list


TestDisk exited normally.
Using locale 'C.UTF-8'.


Fri Jun 23 22:40:36 2023
Command line: TestDisk /debug

TestDisk 7.1, Data Recovery Utility, July 2019
Christophe GRENIER <grenier@cgsecurity.org>
https://www.cgsecurity.org
OS: Linux, kernel 5.4.0-152-generic (#169-Ubuntu SMP Tue Jun 6 22:23:09 UTC 2023) x86_64
Compiler: GCC 9.2
ext2fs lib: 1.45.5, ntfs lib: libntfs-3g, reiserfs lib: none, ewf lib: none, curses lib: ncurses 6.1
Warning: can't get size for Disk /dev/mapper/control - 0 B - 0 sectors, sector size=512
Warning: can't get size for Disk /dev/loop6 - 0 B - 0 sectors, sector size=512
Warning: can't get size for Disk /dev/loop7 - 0 B - 0 sectors, sector size=512
Hard disk list
Disk /dev/vda - 1099 GB / 1024 GiB - CHS 2130440 16 63, sector size=512
Disk /dev/loop0 - 66 MB / 63 MiB - 129952 sectors (RO), sector size=512
Disk /dev/loop1 - 55 MB / 53 MiB - 109072 sectors (RO), sector size=512
Disk /dev/loop2 - 71 MB / 67 MiB - 138880 sectors (RO), sector size=512
Disk /dev/loop3 - 55 MB / 53 MiB - 109072 sectors (RO), sector size=512
Disk /dev/loop4 - 66 MB / 63 MiB - 129936 sectors (RO), sector size=512
Disk /dev/loop5 - 96 MB / 91 MiB - 188072 sectors (RO), sector size=512

Partition table type (auto): EFI GPT
Disk /dev/vda - 1099 GB / 1024 GiB
Partition table type: None

Interface Advanced
   P Unknown                  0   0  1 2130440   2  2 2147483648
Change partition type:
   P Unknown                  0   0  1 2130440   2  2 2147483648
Change partition type:
   P Unknown                  0   0  1 2130440   2  2 2147483648
SIGINT detected! TestDisk has been killed.
